2025-08-04 00:58:15,715 - INFO - main - === INICIANDO MENUOPTIMIZER v10.0 ===
2025-08-04 00:58:16,563 - INFO - database_manager - Intentando conectar a la base de datos 'menu_optimizer_db' en host 'localhost'...
2025-08-04 00:58:16,622 - INFO - main - Conexión a base de datos exitosa. 130 platos disponibles.
2025-08-04 00:58:16,629 - INFO - main - Cargando catálogo de platos y técnicas culinarias...
2025-08-04 00:58:16,631 - INFO - database_manager - Intentando conectar a la base de datos 'menu_optimizer_db' en host 'localhost'...
2025-08-04 00:58:16,648 - INFO - database_manager - Conexión a la base de datos exitosa.
2025-08-04 00:58:16,809 - INFO - database_manager - Carga completa. Se cargaron 300 ingredientes y 130 platos.
2025-08-04 00:58:16,809 - INFO - main - Base de conocimiento cargada: 130 platos, 43 técnicas
2025-08-04 00:58:17,115 - INFO - configuration_panel - Tipo de establecimiento cambiado a: casual
2025-08-04 00:58:17,160 - INFO - main_window - Ventana principal inicializada correctamente
2025-08-04 00:58:17,160 - INFO - main - Aplicación iniciada exitosamente
2025-08-04 00:58:47,459 - INFO - configuration_panel - Tipo de establecimiento cambiado a: casual
2025-08-04 00:58:56,735 - INFO - configuration_panel - RECOPILANDO CONFIGURACION DE LA INTERFAZ...
2025-08-04 00:58:56,735 - INFO - configuration_panel - VALORES CAPTURADOS DE LA INTERFAZ:
2025-08-04 00:58:56,737 - INFO - configuration_panel -   num_dishes_raw: '10'
2025-08-04 00:58:56,738 - INFO - configuration_panel -   cost_raw: '200'
2025-08-04 00:58:56,738 - INFO - configuration_panel -   chefs_raw: '15'
2025-08-04 00:58:56,738 - INFO - configuration_panel -   margin_raw: '35'
2025-08-04 00:58:56,738 - INFO - configuration_panel - CONFIGURACION FINAL VALIDADA:
2025-08-04 00:58:56,738 - INFO - configuration_panel -    Platos: 10
2025-08-04 00:58:56,738 - INFO - configuration_panel -    Costo maximo: $200.0
2025-08-04 00:58:56,738 - INFO - configuration_panel -    Cocineros: 15
2025-08-04 00:58:56,738 - INFO - configuration_panel -    Margen: 35.0%
2025-08-04 00:58:56,738 - INFO - configuration_panel -    Temporada: Todo el año
2025-08-04 00:58:56,738 - INFO - configuration_panel -    Tipo: casual
2025-08-04 00:58:56,738 - INFO - configuration_panel -    Tecnicas: 8
2025-08-04 00:58:56,738 - INFO - configuration_panel -    Estaciones: 6
2025-08-04 00:58:56,738 - INFO - configuration_panel - CONFIGURACION CAPTURADA PARA OPTIMIZACION:
2025-08-04 00:58:56,738 - INFO - configuration_panel -   - Numero de platos: 10
2025-08-04 00:58:56,738 - INFO - configuration_panel -   - Costo maximo: $200.0
2025-08-04 00:58:56,738 - INFO - configuration_panel -   - Cocineros: 15
2025-08-04 00:58:56,738 - INFO - configuration_panel -   - Margen minimo: 35.0%
2025-08-04 00:58:56,738 - INFO - configuration_panel -   - Tecnicas: 8
2025-08-04 00:58:56,738 - INFO - configuration_panel -   - Estaciones: 6
2025-08-04 00:58:56,742 - INFO - main_window - Status: Iniciando optimización...
2025-08-04 00:58:56,793 - INFO - main_window -    Validando 10 platos con presupuesto $200.0
2025-08-04 00:58:56,793 - INFO - main_window -    Validando margen 35.0% con 15 cocineros
2025-08-04 00:58:56,793 - INFO - main_window -    Validando 8 técnicas y 6 estaciones
2025-08-04 00:58:56,797 - INFO - main_window - === INICIANDO FILTRADO DE CATÁLOGO CON CONFIGURACIÓN DEL USUARIO ===
2025-08-04 00:58:56,797 - INFO - main_window - Catálogo inicial: 130 platos
2025-08-04 00:58:56,797 - INFO - main_window - Filtros a aplicar:
2025-08-04 00:58:56,797 - INFO - main_window -   - Costo máximo: $200.0
2025-08-04 00:58:56,797 - INFO - main_window -   - Temporada: Todo el año
2025-08-04 00:58:56,797 - INFO - main_window -   - Técnicas disponibles: 8 técnicas
2025-08-04 00:58:56,797 - INFO - main_window -   - Estaciones disponibles: 6 estaciones
2025-08-04 00:58:56,797 - INFO - main_window - === RESUMEN DE FILTRADO CON CONFIGURACIÓN DEL USUARIO ===
2025-08-04 00:58:56,797 - INFO - main_window - Platos aceptados: 33
2025-08-04 00:58:56,797 - INFO - main_window - Platos rechazados: 97
2025-08-04 00:58:56,797 - INFO - main_window -   - tecnicas_faltantes: 55 platos
2025-08-04 00:58:56,797 - INFO - main_window -   - estaciones_faltantes: 34 platos
2025-08-04 00:58:56,797 - INFO - main_window -   - costo_excesivo: 8 platos
2025-08-04 00:58:56,847 - INFO - main_window -    Margen del usuario: 35.0%
2025-08-04 00:58:56,847 - INFO - main_window -    Factor de precio calculado: 1.538
2025-08-04 00:58:56,847 - INFO - main_window -    Platos solicitados: 10
2025-08-04 00:58:56,847 - INFO - main_window -    Cocineros disponibles: 15
2025-08-04 00:58:56,847 - INFO - main_window -    Costo máximo: $200.0
2025-08-04 00:58:56,847 - INFO - main_window -    Temporada: Todo el año
2025-08-04 00:58:56,847 - INFO - main_window -    Tipo establecimiento: casual
2025-08-04 00:58:56,851 - INFO - main_window -    Pesos para casual: {'ganancia': 0.2, 'tiempo': 0.25, 'nutricion': 0.1, 'variedad': 0.15, 'desperdicio': 0.1, 'distribucion_carga': 0.1, 'popularidad': 0.1}
2025-08-04 00:58:56,883 - INFO - main_window - Status: Ejecutando algoritmo genético...
2025-08-04 00:58:56,888 - INFO - genetic_algorithm_v2 - Ejecutando búsqueda de solución 1
2025-08-04 00:58:56,888 - INFO - genetic_algorithm_v2 - Iniciando evolución del algoritmo genético
2025-08-04 00:58:56,897 - INFO - genetic_algorithm_v2 - Población inicial creada: 150 individuos
2025-08-04 00:58:56,943 - INFO - genetic_algorithm_v2 - Generación 0: Mejor fitness=0.4645, Promedio=0.4186, Diversidad=0.0220
2025-08-04 00:58:57,989 - INFO - genetic_algorithm_v2 - Generación 25: Mejor fitness=0.7339, Promedio=0.7137, Diversidad=0.0173
2025-08-04 00:58:59,051 - INFO - genetic_algorithm_v2 - Generación 50: Mejor fitness=0.7339, Promedio=0.7221, Diversidad=0.0160
2025-08-04 00:58:59,976 - INFO - genetic_algorithm_v2 - Generación 75: Mejor fitness=0.7339, Promedio=0.7268, Diversidad=0.0153
2025-08-04 00:59:00,908 - INFO - genetic_algorithm_v2 - Generación 100: Mejor fitness=0.7339, Promedio=0.7183, Diversidad=0.0173
2025-08-04 00:59:01,840 - INFO - genetic_algorithm_v2 - Generación 125: Mejor fitness=0.7339, Promedio=0.7233, Diversidad=0.0167
2025-08-04 00:59:02,758 - INFO - genetic_algorithm_v2 - Generación 150: Mejor fitness=0.7339, Promedio=0.7255, Diversidad=0.0140
2025-08-04 00:59:03,725 - INFO - genetic_algorithm_v2 - Generación 175: Mejor fitness=0.7339, Promedio=0.7248, Diversidad=0.0153
2025-08-04 00:59:04,652 - INFO - genetic_algorithm_v2 - Generación 200: Mejor fitness=0.7339, Promedio=0.7266, Diversidad=0.0140
2025-08-04 00:59:05,600 - INFO - genetic_algorithm_v2 - Generación 225: Mejor fitness=0.7339, Promedio=0.7265, Diversidad=0.0140
2025-08-04 00:59:06,507 - INFO - genetic_algorithm_v2 - Evolución completada. Mejor fitness: 0.7339
2025-08-04 00:59:06,509 - INFO - genetic_algorithm_v2 - Solución única 1 encontrada con fitness: 0.7339
2025-08-04 00:59:06,509 - INFO - genetic_algorithm_v2 - Ejecutando búsqueda de solución 2
2025-08-04 00:59:06,509 - INFO - genetic_algorithm_v2 - Iniciando evolución del algoritmo genético
2025-08-04 00:59:06,514 - INFO - genetic_algorithm_v2 - Población inicial creada: 150 individuos
2025-08-04 00:59:06,560 - INFO - genetic_algorithm_v2 - Generación 0: Mejor fitness=0.5888, Promedio=0.4218, Diversidad=0.0220
2025-08-04 00:59:07,495 - INFO - genetic_algorithm_v2 - Generación 25: Mejor fitness=0.7339, Promedio=0.7256, Diversidad=0.0140
2025-08-04 00:59:08,447 - INFO - genetic_algorithm_v2 - Generación 50: Mejor fitness=0.7339, Promedio=0.7300, Diversidad=0.0127
2025-08-04 00:59:09,372 - INFO - genetic_algorithm_v2 - Generación 75: Mejor fitness=0.7339, Promedio=0.7278, Diversidad=0.0153
2025-08-04 00:59:10,334 - INFO - genetic_algorithm_v2 - Generación 100: Mejor fitness=0.7339, Promedio=0.7245, Diversidad=0.0160
2025-08-04 00:59:11,264 - INFO - genetic_algorithm_v2 - Generación 125: Mejor fitness=0.7339, Promedio=0.7214, Diversidad=0.0160
2025-08-04 00:59:12,182 - INFO - genetic_algorithm_v2 - Generación 150: Mejor fitness=0.7339, Promedio=0.7228, Diversidad=0.0167
2025-08-04 00:59:13,121 - INFO - genetic_algorithm_v2 - Generación 175: Mejor fitness=0.7339, Promedio=0.7189, Diversidad=0.0180
2025-08-04 00:59:14,083 - INFO - genetic_algorithm_v2 - Generación 200: Mejor fitness=0.7339, Promedio=0.7257, Diversidad=0.0153
2025-08-04 00:59:15,049 - INFO - genetic_algorithm_v2 - Generación 225: Mejor fitness=0.7339, Promedio=0.7253, Diversidad=0.0160
2025-08-04 00:59:15,965 - INFO - genetic_algorithm_v2 - Evolución completada. Mejor fitness: 0.7339
2025-08-04 00:59:15,965 - INFO - genetic_algorithm_v2 - Ejecutando búsqueda de solución 3
2025-08-04 00:59:15,965 - INFO - genetic_algorithm_v2 - Iniciando evolución del algoritmo genético
2025-08-04 00:59:15,972 - INFO - genetic_algorithm_v2 - Población inicial creada: 150 individuos
2025-08-04 00:59:16,013 - INFO - genetic_algorithm_v2 - Generación 0: Mejor fitness=0.4954, Promedio=0.4214, Diversidad=0.0220
2025-08-04 00:59:17,005 - INFO - genetic_algorithm_v2 - Generación 25: Mejor fitness=0.7288, Promedio=0.7164, Diversidad=0.0160
2025-08-04 00:59:17,969 - INFO - genetic_algorithm_v2 - Generación 50: Mejor fitness=0.7288, Promedio=0.7173, Diversidad=0.0153
2025-08-04 00:59:18,894 - INFO - genetic_algorithm_v2 - Generación 75: Mejor fitness=0.7288, Promedio=0.7202, Diversidad=0.0147
2025-08-04 00:59:19,834 - INFO - genetic_algorithm_v2 - Generación 100: Mejor fitness=0.7288, Promedio=0.7248, Diversidad=0.0120
2025-08-04 00:59:20,744 - INFO - genetic_algorithm_v2 - Generación 125: Mejor fitness=0.7288, Promedio=0.7211, Diversidad=0.0153
2025-08-04 00:59:21,692 - INFO - genetic_algorithm_v2 - Generación 150: Mejor fitness=0.7288, Promedio=0.7234, Diversidad=0.0140
2025-08-04 00:59:22,623 - INFO - genetic_algorithm_v2 - Generación 175: Mejor fitness=0.7288, Promedio=0.7224, Diversidad=0.0147
2025-08-04 00:59:23,567 - INFO - genetic_algorithm_v2 - Generación 200: Mejor fitness=0.7288, Promedio=0.7156, Diversidad=0.0153
2025-08-04 00:59:24,555 - INFO - genetic_algorithm_v2 - Generación 225: Mejor fitness=0.7288, Promedio=0.7221, Diversidad=0.0147
2025-08-04 00:59:25,522 - INFO - genetic_algorithm_v2 - Evolución completada. Mejor fitness: 0.7339
2025-08-04 00:59:25,523 - INFO - genetic_algorithm_v2 - Ejecutando búsqueda de solución 4
2025-08-04 00:59:25,523 - INFO - genetic_algorithm_v2 - Iniciando evolución del algoritmo genético
2025-08-04 00:59:25,531 - INFO - genetic_algorithm_v2 - Población inicial creada: 150 individuos
2025-08-04 00:59:25,598 - INFO - genetic_algorithm_v2 - Generación 0: Mejor fitness=0.5269, Promedio=0.4219, Diversidad=0.0220
2025-08-04 00:59:26,699 - INFO - genetic_algorithm_v2 - Generación 25: Mejor fitness=0.7338, Promedio=0.7162, Diversidad=0.0167
2025-08-04 00:59:27,643 - INFO - genetic_algorithm_v2 - Generación 50: Mejor fitness=0.7339, Promedio=0.7314, Diversidad=0.0093
2025-08-04 00:59:28,589 - INFO - genetic_algorithm_v2 - Generación 75: Mejor fitness=0.7339, Promedio=0.7052, Diversidad=0.0180
2025-08-04 00:59:29,518 - INFO - genetic_algorithm_v2 - Generación 100: Mejor fitness=0.7339, Promedio=0.7310, Diversidad=0.0120
2025-08-04 00:59:30,474 - INFO - genetic_algorithm_v2 - Generación 125: Mejor fitness=0.7339, Promedio=0.7248, Diversidad=0.0167
2025-08-04 00:59:31,419 - INFO - genetic_algorithm_v2 - Generación 150: Mejor fitness=0.7339, Promedio=0.7221, Diversidad=0.0167
2025-08-04 00:59:32,366 - INFO - genetic_algorithm_v2 - Generación 175: Mejor fitness=0.7339, Promedio=0.7304, Diversidad=0.0140
2025-08-04 00:59:33,289 - INFO - genetic_algorithm_v2 - Generación 200: Mejor fitness=0.7339, Promedio=0.7130, Diversidad=0.0160
2025-08-04 00:59:34,222 - INFO - genetic_algorithm_v2 - Generación 225: Mejor fitness=0.7339, Promedio=0.7278, Diversidad=0.0147
2025-08-04 00:59:35,112 - INFO - genetic_algorithm_v2 - Evolución completada. Mejor fitness: 0.7339
2025-08-04 00:59:35,112 - INFO - genetic_algorithm_v2 - Ejecutando búsqueda de solución 5
2025-08-04 00:59:35,112 - INFO - genetic_algorithm_v2 - Iniciando evolución del algoritmo genético
2025-08-04 00:59:35,119 - INFO - genetic_algorithm_v2 - Población inicial creada: 150 individuos
2025-08-04 00:59:35,163 - INFO - genetic_algorithm_v2 - Generación 0: Mejor fitness=0.4939, Promedio=0.4220, Diversidad=0.0220
2025-08-04 00:59:36,114 - INFO - genetic_algorithm_v2 - Generación 25: Mejor fitness=0.7338, Promedio=0.7244, Diversidad=0.0147
2025-08-04 00:59:37,053 - INFO - genetic_algorithm_v2 - Generación 50: Mejor fitness=0.7339, Promedio=0.7240, Diversidad=0.0167
2025-08-04 00:59:38,048 - INFO - genetic_algorithm_v2 - Generación 75: Mejor fitness=0.7339, Promedio=0.7198, Diversidad=0.0173
2025-08-04 00:59:39,004 - INFO - genetic_algorithm_v2 - Generación 100: Mejor fitness=0.7339, Promedio=0.7273, Diversidad=0.0120
2025-08-04 00:59:39,930 - INFO - genetic_algorithm_v2 - Generación 125: Mejor fitness=0.7339, Promedio=0.7206, Diversidad=0.0167
2025-08-04 00:59:40,871 - INFO - genetic_algorithm_v2 - Generación 150: Mejor fitness=0.7339, Promedio=0.7121, Diversidad=0.0187
2025-08-04 00:59:41,803 - INFO - genetic_algorithm_v2 - Generación 175: Mejor fitness=0.7339, Promedio=0.7208, Diversidad=0.0167
2025-08-04 00:59:42,735 - INFO - genetic_algorithm_v2 - Generación 200: Mejor fitness=0.7339, Promedio=0.7238, Diversidad=0.0167
2025-08-04 00:59:43,688 - INFO - genetic_algorithm_v2 - Generación 225: Mejor fitness=0.7339, Promedio=0.7287, Diversidad=0.0147
2025-08-04 00:59:44,592 - INFO - genetic_algorithm_v2 - Evolución completada. Mejor fitness: 0.7339
2025-08-04 00:59:44,599 - INFO - genetic_algorithm_v2 - Ejecutando búsqueda de solución 6
2025-08-04 00:59:44,599 - INFO - genetic_algorithm_v2 - Iniciando evolución del algoritmo genético
2025-08-04 00:59:44,599 - INFO - genetic_algorithm_v2 - Población inicial creada: 150 individuos
2025-08-04 00:59:44,648 - INFO - genetic_algorithm_v2 - Generación 0: Mejor fitness=0.4952, Promedio=0.4181, Diversidad=0.0220
2025-08-04 00:59:45,614 - INFO - genetic_algorithm_v2 - Generación 25: Mejor fitness=0.7339, Promedio=0.7247, Diversidad=0.0167
2025-08-04 00:59:46,546 - INFO - genetic_algorithm_v2 - Generación 50: Mejor fitness=0.7339, Promedio=0.7214, Diversidad=0.0153
2025-08-04 00:59:47,492 - INFO - genetic_algorithm_v2 - Generación 75: Mejor fitness=0.7339, Promedio=0.7271, Diversidad=0.0127
2025-08-04 00:59:48,570 - INFO - genetic_algorithm_v2 - Generación 100: Mejor fitness=0.7339, Promedio=0.7202, Diversidad=0.0160
2025-08-04 00:59:49,486 - INFO - genetic_algorithm_v2 - Generación 125: Mejor fitness=0.7339, Promedio=0.7266, Diversidad=0.0147
2025-08-04 00:59:50,441 - INFO - genetic_algorithm_v2 - Generación 150: Mejor fitness=0.7339, Promedio=0.7274, Diversidad=0.0133
2025-08-04 00:59:51,387 - INFO - genetic_algorithm_v2 - Generación 175: Mejor fitness=0.7339, Promedio=0.7221, Diversidad=0.0193
2025-08-04 00:59:52,363 - INFO - genetic_algorithm_v2 - Generación 200: Mejor fitness=0.7339, Promedio=0.7260, Diversidad=0.0160
2025-08-04 00:59:53,366 - INFO - genetic_algorithm_v2 - Generación 225: Mejor fitness=0.7339, Promedio=0.7267, Diversidad=0.0140
2025-08-04 00:59:54,295 - INFO - genetic_algorithm_v2 - Evolución completada. Mejor fitness: 0.7339
2025-08-04 00:59:54,295 - INFO - genetic_algorithm_v2 - Generadas 1 soluciones únicas
2025-08-04 00:59:54,298 - INFO - main_window - Status: Generando estructura cúbica de flujo de trabajo...
2025-08-04 00:59:54,302 - INFO - cubic_integration - Creadas 15 personas con especialidades distribuidas
2025-08-04 00:59:54,302 - INFO - cubic_integration - Creadas 6 posiciones de estaciones disponibles
2025-08-04 00:59:54,303 - INFO - cubic_data_structure - Estructura cúbica inicializada: 15x6x50
2025-08-04 00:59:54,303 - INFO - cubic_data_structure - Persona agregada: Chef_1 (ID: 0)
2025-08-04 00:59:54,304 - INFO - cubic_data_structure - Persona agregada: Chef_2 (ID: 1)
2025-08-04 00:59:54,304 - INFO - cubic_data_structure - Persona agregada: Chef_3 (ID: 2)
2025-08-04 00:59:54,304 - INFO - cubic_data_structure - Persona agregada: Chef_4 (ID: 3)
2025-08-04 00:59:54,305 - INFO - cubic_data_structure - Persona agregada: Chef_5 (ID: 4)
2025-08-04 00:59:54,305 - INFO - cubic_data_structure - Persona agregada: Chef_6 (ID: 5)
2025-08-04 00:59:54,305 - INFO - cubic_data_structure - Persona agregada: Chef_7 (ID: 6)
2025-08-04 00:59:54,305 - INFO - cubic_data_structure - Persona agregada: Chef_8 (ID: 7)
2025-08-04 00:59:54,305 - INFO - cubic_data_structure - Persona agregada: Chef_9 (ID: 8)
2025-08-04 00:59:54,305 - INFO - cubic_data_structure - Persona agregada: Chef_10 (ID: 9)
2025-08-04 00:59:54,307 - INFO - cubic_data_structure - Persona agregada: Chef_11 (ID: 10)
2025-08-04 00:59:54,307 - INFO - cubic_data_structure - Persona agregada: Chef_12 (ID: 11)
2025-08-04 00:59:54,307 - INFO - cubic_data_structure - Persona agregada: Chef_13 (ID: 12)
2025-08-04 00:59:54,307 - INFO - cubic_data_structure - Persona agregada: Chef_14 (ID: 13)
2025-08-04 00:59:54,312 - INFO - cubic_data_structure - Persona agregada: Chef_15 (ID: 14)
2025-08-04 00:59:54,312 - INFO - cubic_data_structure - Posición agregada: Bebidas y Cócteles (ID: 0)
2025-08-04 00:59:54,312 - INFO - cubic_data_structure - Posición agregada: Ensaladas y Fríos (ID: 1)
2025-08-04 00:59:54,312 - INFO - cubic_data_structure - Posición agregada: Ensamblaje y Emplatado (ID: 2)
2025-08-04 00:59:54,313 - INFO - cubic_data_structure - Posición agregada: Estofados y Salsas (ID: 3)
2025-08-04 00:59:54,313 - INFO - cubic_data_structure - Posición agregada: Fritura (ID: 4)
2025-08-04 00:59:54,313 - INFO - cubic_data_structure - Posición agregada: Horno y Rostizado (ID: 5)
2025-08-04 00:59:54,313 - INFO - cubic_data_structure - Etapa agregada: Molletes Gratinados: Cortar bolillos por la mitad (ID: 0)
2025-08-04 00:59:54,313 - INFO - cubic_data_structure - Etapa agregada: Molletes Gratinados: Untar frijoles refritos (ID: 1)
2025-08-04 00:59:54,313 - INFO - cubic_data_structure - Etapa agregada: Molletes Gratinados: Cubrir con queso oaxaca (ID: 2)
2025-08-04 00:59:54,313 - INFO - cubic_data_structure - Etapa agregada: Molletes Gratinados: Gratinar en horno (ID: 3)
2025-08-04 00:59:54,316 - INFO - cubic_data_structure - Etapa agregada: Molletes Gratinados: Servir con pico de gallo (ID: 4)
2025-08-04 00:59:54,317 - INFO - cubic_data_structure - Etapa agregada: Tostadas de Frijoles: Freír las tortillas en aceite caliente hasta que estén crujientes y planas (ID: 5)
2025-08-04 00:59:54,317 - INFO - cubic_data_structure - Etapa agregada: Tostadas de Frijoles: Escurrir el exceso de aceite y reservar las tostadas (ID: 6)
2025-08-04 00:59:54,317 - INFO - cubic_data_structure - Etapa agregada: Tostadas de Frijoles: Untar una capa uniforme de frijoles sobre cada tostada (ID: 7)
2025-08-04 00:59:54,317 - INFO - cubic_data_structure - Etapa agregada: Tostadas de Frijoles: Agregar lechuga picada, crema y queso desmoronado al gusto (ID: 8)
2025-08-04 00:59:54,319 - INFO - cubic_data_structure - Etapa agregada: Papas a la Francesa Artesanales: Cortar papas en bastones uniformes (ID: 9)
2025-08-04 00:59:54,319 - INFO - cubic_data_structure - Etapa agregada: Papas a la Francesa Artesanales: Freír en aceite caliente hasta dorar (ID: 10)
2025-08-04 00:59:54,319 - INFO - cubic_data_structure - Etapa agregada: Papas a la Francesa Artesanales: Escurrir y sazonar con sal (ID: 11)
2025-08-04 00:59:54,319 - INFO - cubic_data_structure - Etapa agregada: Bruschetta de Tomate y Albahaca: Cortar baguette en rebanadas gruesas (ID: 12)
2025-08-04 00:59:54,319 - INFO - cubic_data_structure - Etapa agregada: Bruschetta de Tomate y Albahaca: Tostar pan hasta dorar ligeramente (ID: 13)
2025-08-04 00:59:54,319 - INFO - cubic_data_structure - Etapa agregada: Bruschetta de Tomate y Albahaca: Cortar tomate en cubos pequeños (ID: 14)
2025-08-04 00:59:54,319 - INFO - cubic_data_structure - Etapa agregada: Bruschetta de Tomate y Albahaca: Mezclar tomate con albahaca, ajo y aceite (ID: 15)
2025-08-04 00:59:54,319 - INFO - cubic_data_structure - Etapa agregada: Bruschetta de Tomate y Albahaca: Servir mezcla sobre pan tostado (ID: 16)
2025-08-04 00:59:54,319 - INFO - cubic_data_structure - Etapa agregada: Michelada Preparada: Preparar rim de sal y chile (ID: 17)
2025-08-04 00:59:54,319 - INFO - cubic_data_structure - Etapa agregada: Michelada Preparada: Mezclar jugo de limón con especias (ID: 18)
2025-08-04 00:59:54,319 - INFO - cubic_data_structure - Etapa agregada: Michelada Preparada: Agregar hielo y cerveza (ID: 19)
2025-08-04 00:59:54,319 - INFO - cubic_data_structure - Etapa agregada: Michelada Preparada: Servir en vaso preparado (ID: 20)
2025-08-04 00:59:54,319 - INFO - cubic_data_structure - Etapa agregada: Cocktail de Sal de Gusano: Moler gusanos de maguey secos (ID: 21)
2025-08-04 00:59:54,319 - INFO - cubic_data_structure - Etapa agregada: Cocktail de Sal de Gusano: Mezclar con sal de mar (ID: 22)
2025-08-04 00:59:54,319 - INFO - cubic_data_structure - Etapa agregada: Cocktail de Sal de Gusano: Preparar rim de sal especiada (ID: 23)
2025-08-04 00:59:54,324 - INFO - cubic_data_structure - Etapa agregada: Cocktail de Sal de Gusano: Mezclar jugo de limón y tuna (ID: 24)
2025-08-04 00:59:54,326 - INFO - cubic_data_structure - Etapa agregada: Cocktail de Sal de Gusano: Servir en vaso con rim (ID: 25)
2025-08-04 00:59:54,327 - INFO - cubic_data_structure - Etapa agregada: Ensalada Mixta de Temporada: Lavar y desinfectar todas las verduras (ID: 26)
2025-08-04 00:59:54,327 - INFO - cubic_data_structure - Etapa agregada: Ensalada Mixta de Temporada: Cortar en trozos atractivos (ID: 27)
2025-08-04 00:59:54,327 - INFO - cubic_data_structure - Etapa agregada: Ensalada Mixta de Temporada: Aderezar con aceite de oliva y limón (ID: 28)
2025-08-04 00:59:54,330 - INFO - cubic_data_structure - Etapa agregada: Verduras Salteadas al Wok: Cortar verduras en trozos uniformes (ID: 29)
2025-08-04 00:59:54,330 - INFO - cubic_data_structure - Etapa agregada: Verduras Salteadas al Wok: Saltear en wok a fuego alto con salsa de soya (ID: 30)
2025-08-04 00:59:54,332 - INFO - cubic_data_structure - Etapa agregada: Sopa de Tortilla Tradicional: Cortar tortillas en tiras y freír hasta crujientes (ID: 31)
2025-08-04 00:59:54,332 - INFO - cubic_data_structure - Etapa agregada: Sopa de Tortilla Tradicional: Asar tomates, cebolla y ajo (ID: 32)
2025-08-04 00:59:54,333 - INFO - cubic_data_structure - Etapa agregada: Sopa de Tortilla Tradicional: Licuar verduras asadas para hacer caldo (ID: 33)
2025-08-04 00:59:54,333 - INFO - cubic_data_structure - Etapa agregada: Sopa de Tortilla Tradicional: Colar y guisar el caldo con especias (ID: 34)
2025-08-04 00:59:54,333 - INFO - cubic_data_structure - Etapa agregada: Sopa de Tortilla Tradicional: Servir con totopos, queso, aguacate y crema (ID: 35)
2025-08-04 00:59:54,333 - INFO - cubic_data_structure - Estructura cúbica creada: 36 etapas de 10 platos
2025-08-04 00:59:54,333 - WARNING - cubic_data_structure - Persona Chef_1 no tiene habilidades requeridas para Ensamblaje y Emplatado
2025-08-04 00:59:54,333 - WARNING - cubic_data_structure - Persona Chef_2 no tiene habilidades requeridas para Ensamblaje y Emplatado
2025-08-04 00:59:54,333 - WARNING - cubic_data_structure - Persona Chef_3 no tiene habilidades requeridas para Ensamblaje y Emplatado
2025-08-04 00:59:54,333 - WARNING - cubic_data_structure - Persona Chef_4 no tiene habilidades requeridas para Horno y Rostizado
2025-08-04 00:59:54,333 - WARNING - cubic_data_structure - Persona Chef_4 no domina técnica Horneado
2025-08-04 00:59:54,333 - WARNING - cubic_data_structure - Persona Chef_5 no tiene habilidades requeridas para Ensamblaje y Emplatado
2025-08-04 00:59:54,333 - WARNING - cubic_data_structure - Persona Chef_6 no tiene habilidades requeridas para Fritura
2025-08-04 00:59:54,333 - WARNING - cubic_data_structure - Persona Chef_6 no domina técnica Freír
2025-08-04 00:59:54,333 - WARNING - cubic_data_structure - Persona Chef_7 no tiene habilidades requeridas para Fritura
2025-08-04 00:59:54,340 - WARNING - cubic_data_structure - Persona Chef_8 no tiene habilidades requeridas para Ensamblaje y Emplatado
2025-08-04 00:59:54,340 - WARNING - cubic_data_structure - Persona Chef_9 no tiene habilidades requeridas para Ensamblaje y Emplatado
2025-08-04 00:59:54,340 - WARNING - cubic_data_structure - Persona Chef_10 no tiene habilidades requeridas para Ensamblaje y Emplatado
2025-08-04 00:59:54,340 - WARNING - cubic_data_structure - Persona Chef_11 no tiene habilidades requeridas para Fritura
2025-08-04 00:59:54,340 - WARNING - cubic_data_structure - Persona Chef_11 no domina técnica Freír
2025-08-04 00:59:54,340 - WARNING - cubic_data_structure - Persona Chef_12 no tiene habilidades requeridas para Fritura
2025-08-04 00:59:54,340 - WARNING - cubic_data_structure - Persona Chef_13 no tiene habilidades requeridas para Ensamblaje y Emplatado
2025-08-04 00:59:54,340 - WARNING - cubic_data_structure - Persona Chef_14 no tiene habilidades requeridas para Horno y Rostizado
2025-08-04 00:59:54,340 - WARNING - cubic_data_structure - Persona Chef_14 no domina técnica Horneado
2025-08-04 00:59:54,340 - WARNING - cubic_data_structure - Persona Chef_15 no tiene habilidades requeridas para Ensamblaje y Emplatado
2025-08-04 00:59:54,340 - WARNING - cubic_data_structure - Persona Chef_1 no tiene habilidades requeridas para Ensaladas y Fríos
2025-08-04 00:59:54,340 - WARNING - cubic_data_structure - Persona Chef_2 no tiene habilidades requeridas para Ensamblaje y Emplatado
2025-08-04 00:59:54,340 - WARNING - cubic_data_structure - Persona Chef_3 no tiene habilidades requeridas para Bebidas y Cócteles
2025-08-04 00:59:54,340 - WARNING - cubic_data_structure - Persona Chef_4 no tiene habilidades requeridas para Bebidas y Cócteles
2025-08-04 00:59:54,340 - WARNING - cubic_data_structure - Persona Chef_5 no tiene habilidades requeridas para Bebidas y Cócteles
2025-08-04 00:59:54,340 - WARNING - cubic_data_structure - Persona Chef_6 no tiene habilidades requeridas para Ensamblaje y Emplatado
2025-08-04 00:59:54,340 - WARNING - cubic_data_structure - Persona Chef_7 no tiene habilidades requeridas para Bebidas y Cócteles
2025-08-04 00:59:54,340 - WARNING - cubic_data_structure - Persona Chef_8 no tiene habilidades requeridas para Bebidas y Cócteles
2025-08-04 00:59:54,340 - WARNING - cubic_data_structure - Persona Chef_9 no tiene habilidades requeridas para Bebidas y Cócteles
2025-08-04 00:59:54,340 - WARNING - cubic_data_structure - Persona Chef_10 no tiene habilidades requeridas para Bebidas y Cócteles
2025-08-04 00:59:54,340 - WARNING - cubic_data_structure - Persona Chef_11 no tiene habilidades requeridas para Ensamblaje y Emplatado
2025-08-04 00:59:54,340 - WARNING - cubic_data_structure - Persona Chef_12 no tiene habilidades requeridas para Ensaladas y Fríos
2025-08-04 00:59:54,340 - WARNING - cubic_data_structure - Persona Chef_13 no tiene habilidades requeridas para Ensaladas y Fríos
2025-08-04 00:59:54,340 - WARNING - cubic_data_structure - Persona Chef_14 no tiene habilidades requeridas para Ensaladas y Fríos
2025-08-04 00:59:54,348 - WARNING - cubic_data_structure - Persona Chef_15 no tiene habilidades requeridas para Ensamblaje y Emplatado
2025-08-04 00:59:54,348 - WARNING - cubic_data_structure - Persona Chef_1 no tiene habilidades requeridas para Estofados y Salsas
2025-08-04 00:59:54,348 - WARNING - cubic_data_structure - Persona Chef_1 no domina técnica Salteado
2025-08-04 00:59:54,348 - WARNING - cubic_data_structure - Persona Chef_2 no tiene habilidades requeridas para Fritura
2025-08-04 00:59:54,348 - WARNING - cubic_data_structure - Persona Chef_2 no domina técnica Freír
2025-08-04 00:59:54,348 - WARNING - cubic_data_structure - Persona Chef_3 no tiene habilidades requeridas para Horno y Rostizado
2025-08-04 00:59:54,348 - WARNING - cubic_data_structure - Persona Chef_3 no domina técnica Horneado
2025-08-04 00:59:54,350 - WARNING - cubic_data_structure - Persona Chef_6 no tiene habilidades requeridas para Ensamblaje y Emplatado
2025-08-04 00:59:54,355 - WARNING - cubic_data_structure - Se encontraron 10 inconsistencias:
2025-08-04 00:59:54,355 - WARNING - cubic_data_structure -   - Posición Bebidas y Cócteles excede capacidad: 7 > 1
2025-08-04 00:59:54,355 - WARNING - cubic_data_structure -   - Posición Ensaladas y Fríos excede capacidad: 4 > 2
2025-08-04 00:59:54,355 - WARNING - cubic_data_structure -   - Posición Ensamblaje y Emplatado excede capacidad: 11 > 3
2025-08-04 00:59:54,355 - WARNING - cubic_data_structure -   - Posición Estofados y Salsas excede capacidad: 3 > 2
2025-08-04 00:59:54,356 - WARNING - cubic_data_structure -   - Posición Fritura excede capacidad: 5 > 1
2025-08-04 00:59:54,357 - WARNING - cubic_data_structure -   - Posición Horno y Rostizado excede capacidad: 3 > 2
2025-08-04 00:59:54,357 - WARNING - cubic_data_structure -   - Persona Chef_1 excede capacidad: 3 > 2
2025-08-04 00:59:54,357 - WARNING - cubic_data_structure -   - Persona Chef_3 excede capacidad: 3 > 2
2025-08-04 00:59:54,357 - WARNING - cubic_data_structure -   - Persona Chef_4 excede capacidad: 3 > 2
2025-08-04 00:59:54,357 - WARNING - cubic_data_structure -   - Persona Chef_5 excede capacidad: 3 > 2
2025-08-04 00:59:54,357 - WARNING - cubic_integration - Estructura inicial no es consistente, aplicando optimización...
2025-08-04 00:59:54,357 - INFO - cubic_integration - Iniciando optimización de flujo de trabajo...
2025-08-04 00:59:54,357 - INFO - cubic_data_structure - Iniciando optimización de asignaciones...
2025-08-04 00:59:54,364 - WARNING - cubic_data_structure - Se encontraron 10 inconsistencias:
2025-08-04 00:59:54,364 - WARNING - cubic_data_structure -   - Posición Bebidas y Cócteles excede capacidad: 7 > 1
2025-08-04 00:59:54,364 - WARNING - cubic_data_structure -   - Posición Ensaladas y Fríos excede capacidad: 4 > 2
2025-08-04 00:59:54,364 - WARNING - cubic_data_structure -   - Posición Ensamblaje y Emplatado excede capacidad: 11 > 3
2025-08-04 00:59:54,364 - WARNING - cubic_data_structure -   - Posición Estofados y Salsas excede capacidad: 3 > 2
2025-08-04 00:59:54,364 - WARNING - cubic_data_structure -   - Posición Fritura excede capacidad: 5 > 1
2025-08-04 00:59:54,364 - WARNING - cubic_data_structure -   - Posición Horno y Rostizado excede capacidad: 3 > 2
2025-08-04 00:59:54,364 - WARNING - cubic_data_structure -   - Persona Chef_1 excede capacidad: 3 > 2
2025-08-04 00:59:54,364 - WARNING - cubic_data_structure -   - Persona Chef_3 excede capacidad: 3 > 2
2025-08-04 00:59:54,364 - WARNING - cubic_data_structure -   - Persona Chef_4 excede capacidad: 3 > 2
2025-08-04 00:59:54,364 - WARNING - cubic_data_structure -   - Persona Chef_5 excede capacidad: 3 > 2
2025-08-04 00:59:54,364 - INFO - cubic_data_structure - Optimización completada. Inconsistencias: 10 -> 10
2025-08-04 00:59:54,364 - INFO - cubic_integration - Estructura cúbica inicializada exitosamente
2025-08-04 00:59:54,364 - INFO - cubic_integration - Integración de estructura cúbica completada exitosamente
2025-08-04 00:59:54,373 - INFO - cubic_integration - Reporte de flujo: 36 asignaciones, 10 inconsistencias
2025-08-04 00:59:54,373 - INFO - main_window - Estructura cúbica generada exitosamente
2025-08-04 00:59:54,381 - WARNING - cubic_data_structure - Se encontraron 10 inconsistencias:
2025-08-04 00:59:54,381 - WARNING - cubic_data_structure -   - Posición Bebidas y Cócteles excede capacidad: 7 > 1
2025-08-04 00:59:54,381 - WARNING - cubic_data_structure -   - Posición Ensaladas y Fríos excede capacidad: 4 > 2
2025-08-04 00:59:54,381 - WARNING - cubic_data_structure -   - Posición Ensamblaje y Emplatado excede capacidad: 11 > 3
2025-08-04 00:59:54,381 - WARNING - cubic_data_structure -   - Posición Estofados y Salsas excede capacidad: 3 > 2
2025-08-04 00:59:54,381 - WARNING - cubic_data_structure -   - Posición Fritura excede capacidad: 5 > 1
2025-08-04 00:59:54,381 - WARNING - cubic_data_structure -   - Posición Horno y Rostizado excede capacidad: 3 > 2
2025-08-04 00:59:54,381 - WARNING - cubic_data_structure -   - Persona Chef_1 excede capacidad: 3 > 2
2025-08-04 00:59:54,381 - WARNING - cubic_data_structure -   - Persona Chef_3 excede capacidad: 3 > 2
2025-08-04 00:59:54,381 - WARNING - cubic_data_structure -   - Persona Chef_4 excede capacidad: 3 > 2
2025-08-04 00:59:54,381 - WARNING - cubic_data_structure -   - Persona Chef_5 excede capacidad: 3 > 2
2025-08-04 00:59:54,385 - WARNING - main_window - Estructura cúbica inicial tiene inconsistencias. Optimizando...
2025-08-04 00:59:54,385 - INFO - cubic_integration - Iniciando optimización de flujo de trabajo...
2025-08-04 00:59:54,385 - INFO - cubic_data_structure - Iniciando optimización de asignaciones...
2025-08-04 00:59:54,394 - WARNING - cubic_data_structure - Se encontraron 10 inconsistencias:
2025-08-04 00:59:54,394 - WARNING - cubic_data_structure -   - Posición Bebidas y Cócteles excede capacidad: 7 > 1
2025-08-04 00:59:54,394 - WARNING - cubic_data_structure -   - Posición Ensaladas y Fríos excede capacidad: 4 > 2
2025-08-04 00:59:54,394 - WARNING - cubic_data_structure -   - Posición Ensamblaje y Emplatado excede capacidad: 11 > 3
2025-08-04 00:59:54,394 - WARNING - cubic_data_structure -   - Posición Estofados y Salsas excede capacidad: 3 > 2
2025-08-04 00:59:54,394 - WARNING - cubic_data_structure -   - Posición Fritura excede capacidad: 5 > 1
2025-08-04 00:59:54,394 - WARNING - cubic_data_structure -   - Posición Horno y Rostizado excede capacidad: 3 > 2
2025-08-04 00:59:54,394 - WARNING - cubic_data_structure -   - Persona Chef_1 excede capacidad: 3 > 2
2025-08-04 00:59:54,394 - WARNING - cubic_data_structure -   - Persona Chef_3 excede capacidad: 3 > 2
2025-08-04 00:59:54,394 - WARNING - cubic_data_structure -   - Persona Chef_4 excede capacidad: 3 > 2
2025-08-04 00:59:54,397 - WARNING - cubic_data_structure -   - Persona Chef_5 excede capacidad: 3 > 2
2025-08-04 00:59:54,397 - INFO - cubic_data_structure - Optimización completada. Inconsistencias: 10 -> 10
2025-08-04 00:59:54,645 - WARNING - cubic_data_structure - Se encontraron 10 inconsistencias:
2025-08-04 00:59:54,645 - WARNING - cubic_data_structure -   - Posición Bebidas y Cócteles excede capacidad: 7 > 1
2025-08-04 00:59:54,645 - WARNING - cubic_data_structure -   - Posición Ensaladas y Fríos excede capacidad: 4 > 2
2025-08-04 00:59:54,645 - WARNING - cubic_data_structure -   - Posición Ensamblaje y Emplatado excede capacidad: 11 > 3
2025-08-04 00:59:54,645 - WARNING - cubic_data_structure -   - Posición Estofados y Salsas excede capacidad: 3 > 2
2025-08-04 00:59:54,645 - WARNING - cubic_data_structure -   - Posición Fritura excede capacidad: 5 > 1
2025-08-04 00:59:54,645 - WARNING - cubic_data_structure -   - Posición Horno y Rostizado excede capacidad: 3 > 2
2025-08-04 00:59:54,645 - WARNING - cubic_data_structure -   - Persona Chef_1 excede capacidad: 3 > 2
2025-08-04 00:59:54,645 - WARNING - cubic_data_structure -   - Persona Chef_3 excede capacidad: 3 > 2
2025-08-04 00:59:54,645 - WARNING - cubic_data_structure -   - Persona Chef_4 excede capacidad: 3 > 2
2025-08-04 00:59:54,645 - WARNING - cubic_data_structure -   - Persona Chef_5 excede capacidad: 3 > 2
2025-08-04 00:59:55,664 - INFO - main_window - Status: Optimización completada - 1 soluciones encontradas
2025-08-04 00:59:59,845 - INFO - main_window - Status: Listo
2025-08-04 14:37:15,259 - INFO - main - Cerrando aplicación...
2025-08-04 14:37:17,852 - INFO - main - Aplicación interrumpida por usuario
2025-08-04 14:37:17,852 - INFO - main - === FINALIZANDO MENUOPTIMIZER ===
